// Jest Snapshot v1, https://goo.gl/fbAQLP

exports[`<LoginForm /> renders correctly 1`] = `
<form
  onSubmit={[Function]}
>
  <div
    aria-describedby={undefined}
    className="MuiFormControl-root-56 MuiFormControl-marginNormal-57 MuiFormControl-fullWidth-59"
    onBlur={[Function]}
    onFocus={[Function]}
  >
    <label
      className="MuiFormLabel-root-66 MuiInputLabel-root-60 MuiInputLabel-formControl-61 MuiInputLabel-animated-64"
      data-shrink={false}
      htmlFor={undefined}
    >
      Username
      <span
        className=""
      >
         *
      </span>
    </label>
    <div
      className="MuiInput-root-70 MuiInput-fullWidth-78 MuiInput-formControl-71 MuiInput-inkbar-72 MuiInput-underline-76"
      onBlur={[Function]}
      onFocus={[Function]}
    >
      <input
        aria-invalid={false}
        aria-required={true}
        autoComplete="username"
        autoFocus={undefined}
        className="MuiInput-input-79"
        defaultValue={undefined}
        disabled={false}
        id={undefined}
        name="username"
        onChange={[Function]}
        onKeyDown={undefined}
        onKeyUp={undefined}
        placeholder="Type your username..."
        readOnly={undefined}
        required={true}
        rows={undefined}
        type="text"
        value=""
      />
    </div>
  </div>
  <div
    aria-describedby={undefined}
    className="MuiFormControl-root-56 MuiFormControl-marginNormal-57 MuiFormControl-fullWidth-59"
    onBlur={[Function]}
    onFocus={[Function]}
  >
    <label
      className="MuiFormLabel-root-66 MuiInputLabel-root-60 MuiInputLabel-formControl-61 MuiInputLabel-animated-64"
      data-shrink={false}
      htmlFor={undefined}
    >
      Password
      <span
        className=""
      >
         *
      </span>
    </label>
    <div
      className="MuiInput-root-70 MuiInput-fullWidth-78 MuiInput-formControl-71 MuiInput-inkbar-72 MuiInput-underline-76"
      onBlur={[Function]}
      onFocus={[Function]}
    >
      <input
        aria-invalid={false}
        aria-required={true}
        autoComplete="current-password"
        autoFocus={undefined}
        className="MuiInput-input-79 MuiInput-inputType-82"
        defaultValue={undefined}
        disabled={false}
        id={undefined}
        name="password"
        onChange={[Function]}
        onKeyDown={undefined}
        onKeyUp={undefined}
        placeholder="Type your username..."
        readOnly={undefined}
        required={true}
        rows={undefined}
        type="password"
        value=""
      />
    </div>
  </div>
  <button
    className="MuiButtonBase-root-100 MuiButton-root-85 MuiButton-raised-90 MuiButton-raisedPrimary-92 MuiButton-fullWidth-99 LoginForm-signUpButton-55"
    disabled={false}
    onBlur={[Function]}
    onFocus={[Function]}
    onKeyDown={[Function]}
    onKeyUp={[Function]}
    onMouseDown={[Function]}
    onMouseLeave={[Function]}
    onMouseUp={[Function]}
    onTouchEnd={[Function]}
    onTouchMove={[Function]}
    onTouchStart={[Function]}
    tabIndex={0}
    type="submit"
  >
    <span
      className="MuiButton-label-86"
    >
      Login
    </span>
    <span
      className="MuiTouchRipple-root-102"
    />
  </button>
</form>
`;
